// Jest Snapshot v1, https://goo.gl/fbAQLP

exports[`Render <DocViewerLink/> with 2 different links 1`] = `
<div
  className="osdDocViewerLinks"
>
  <EuiListGroup
    listItems={
      Array [
        Object {
          "generateurlfn": [Function],
          "href": "aaa",
          "label": "generateurlfn link",
          "order": 10,
        },
        Object {
          "href": "bbb",
          "label": "href link",
          "order": 20,
        },
      ]
    }
  />
</div>
`;
